[Map]
author=_MIKE CRUSH_
image=_47_ BattleField.bmp
wrap=yes
scroll=none
warn=no

[Continents]
WEST=5
EAST=6

[Territories]
Territory00,258,28,WEST,Territory01
Territory01,201,28,WEST,Territory00,Territory02
Territory02,181,70,WEST,Territory01,Territory04,Territory03
Territory03,219,100,WEST,Territory15,Territory04,Territory02
Territory04,154,112,WEST,Territory02,Territory05,Territory03
Territory05,121,155,WEST,Territory04,Territory06,Territory08
Territory06,75,154,WEST,Territory05,Territory07,Territory08
Territory07,63,103,WEST,Territory06
Territory08,93,197,WEST,Territory06,Territory05,Territory09
Territory09,91,245,WEST,Territory08,Territory19,Territory10
Territory10,160,256,WEST,Territory09,Territory11
Territory11,205,238,WEST,Territory10,Territory12
Territory12,259,211,WEST,Territory11,Territory13
Territory13,312,202,WEST,Territory12,Territory17,Territory16,Territory14
Territory14,298,148,WEST,Territory13,Territory15
Territory15,274,109,WEST,Territory14,Territory03
Territory16,361,206,WEST,Territory35,Territory13
Territory17,312,253,WEST,Territory13,Territory18
Territory18,355,271,WEST,Territory17
Territory19,93,295,WEST,Territory09,Territory21,Territory20,Territory30
Territory20,90,332,WEST,Territory19,Territory21,Territory30
Territory21,37,337,WEST,Territory19,Territory20,Territory22
Territory22,25,404,WEST,Territory23,Territory21
Territory23,25,470,WEST,Territory24,Territory22
Territory24,84,488,WEST,Territory25,Territory23
Territory25,157,475,WEST,Territory26,Territory24,Territory28
Territory26,225,467,WEST,Territory28,Territory27,Territory25
Territory27,289,496,WEST,Territory75,Territory26
Territory28,210,416,WEST,Territory29,Territory26,Territory25
Territory29,192,364,WEST,Territory30,Territory28
Territory31,391,38,EAST,Territory32
Territory32,405,86,EAST,Territory31,Territory33
Territory33,450,113,EAST,Territory32,Territory34,Territory35
Territory34,501,109,EAST,Territory33,Territory35,Territory36
Territory35,493,145,EAST,Territory16,Territory34,Territory33,Territory43
Territory36,564,118,EAST,Territory34,Territory37
Territory37,624,115,EAST,Territory36,Territory38
Territory38,697,110,EAST,Territory37,Territory39,Territory42
Territory39,774,109,EAST,Territory38,Territory40,Territory42
Territory40,835,115,EAST,Territory39,Territory41
Territory41,903,119,EAST,Territory40,Territory44
Territory42,748,152,EAST,Territory47,Territory39,Territory38
Territory43,537,209,EAST,Territory35,Territory50,Territory49
Territory44,918,169,EAST,Territory41,Territory45
Territory45,901,230,EAST,Territory44,Territory46,Territory61
Territory46,834,232,EAST,Territory45,Territory61,Territory47
Territory47,781,200,EAST,Territory48,Territory46,Territory42
Territory48,639,260,EAST,Territory47,Territory49,Territory58
Territory49,586,226,EAST,Territory43,Territory48
Territory50,517,257,EAST,Territory43,Territory51
Territory51,493,299,EAST,Territory52,Territory50
Territory52,468,353,EAST,Territory53,Territory51
Territory53,510,400,EAST,Territory54,Territory52
Territory54,556,427,EAST,Territory73,Territory55,Territory53
Territory55,625,419,EAST,Territory54,Territory56,Territory70
Territory56,697,397,EAST,Territory57,Territory55,Territory70
Territory57,708,338,EAST,Territory58,Territory59,Territory56
Territory58,678,304,EAST,Territory48,Territory57
Territory59,777,329,EAST,Territory57,Territory60
Territory60,829,307,EAST,Territory59,Territory63,Territory61
Territory61,885,280,EAST,Territory46,Territory45,Territory62,Territory60
Territory62,909,341,EAST,Territory64,Territory61
Territory63,846,365,EAST,Territory60,Territory64
Territory64,909,401,EAST,Territory63,Territory62,Territory65
Territory65,904,469,EAST,Territory64,Territory66
Territory66,879,511,EAST,Territory65,Territory67
Territory67,817,511,EAST,Territory66,Territory68
Territory68,760,512,EAST,Territory67,Territory69
Territory69,700,496,EAST,Territory68,Territory70,Territory71
Territory70,690,449,EAST,Territory69,Territory71,Territory56,Territory55
Territory71,643,503,EAST,Territory70,Territory69,Territory72
Territory72,592,508,EAST,Territory71,Territory73
Territory73,537,487,EAST,Territory72,Territory74,Territory54
Territory74,472,464,EAST,Territory73,Territory75
Territory75,426,436,EAST,Territory27,Territory74
Territory30,145,334,WEST,Territory29,Territory20,Territory19
